---
source: main-api/src/search/search_executor/mod.rs
description: target is hallucinated as it currently does not exist
expression: actual
info: "mathe bib should get mi-bib in 1 # target is hallucinated as it currently does not exist"
---
[]
